docker : #0 building with "desktop-linux" instance using docker driver
At line:1 char:1
+ docker build -t test-user-service -f user-service/Dockerfile . --prog ...
+ ~~~~~~~~~~~~~~~~~~~~~~~~~~~~~~~~~~~~~~~~~~~~~~~~~~~~~~~~~~~~~~~~~~~~~
    + CategoryInfo          : NotSpecified: (#0 building wit...g docker driver:String) [], RemoteException
    + FullyQualifiedErrorId : NativeCommandError
 

#1 [internal] load build definition from Dockerfile
#1 transferring dockerfile: 1.61kB 0.0s done
#1 DONE 0.0s

#2 [internal] load metadata for docker.io/library/maven:3.9.6-eclipse-temurin-21-alpine
#2 DONE 0.0s

#3 [internal] load metadata for docker.io/library/eclipse-temurin:21-jre-alpine
#3 DONE 0.9s

#4 [internal] load .dockerignore
#4 transferring context: 2B done
#4 DONE 0.0s

#5 [internal] load build context
#5 DONE 0.0s

#6 [runtime 1/4] FROM docker.io/library/eclipse-temurin:21-jre-alpine@sha256:704db3c40204a44f471191446ddd9cda5d60dab40f
0e15c6507b815ed897238b
#6 resolve docker.io/library/eclipse-temurin:21-jre-alpine@sha256:704db3c40204a44f471191446ddd9cda5d60dab40f0e15c6507b8
15ed897238b 0.1s done
#6 DONE 0.1s

#7 [builder 1/8] FROM docker.io/library/maven:3.9.6-eclipse-temurin-21-alpine@sha256:9fca6934e64eff26860889804faecb71a5
22d04b4ebf05574140c71f8e9bc700
#7 resolve docker.io/library/maven:3.9.6-eclipse-temurin-21-alpine@sha256:9fca6934e64eff26860889804faecb71a522d04b4ebf0
5574140c71f8e9bc700 0.1s done
#7 DONE 0.1s

#5 [internal] load build context
#5 transferring context: 36.22kB 0.2s done
#5 DONE 0.2s

#8 [builder 4/8] COPY common-lib ./common-lib
#8 CACHED

#9 [builder 5/8] COPY user-service ./user-service
#9 CACHED

#10 [builder 6/8] COPY inventory-service ./inventory-service
#10 CACHED

#11 [builder 2/8] WORKDIR /build
#11 CACHED

#12 [builder 3/8] COPY pom.xml .
#12 CACHED

#13 [builder 7/8] COPY notification-service ./notification-service
#13 CACHED

#14 [builder 8/8] RUN mvn clean package -pl user-service -am -DskipTests --no-transfer-progress
#14 4.515 [INFO] Scanning for projects...
#14 9.048 [INFO] ------------------------------------------------------------------------
#14 9.048 [INFO] Reactor Build Order:
#14 9.048 [INFO] 
#14 9.051 [INFO] envanter-takip-sistemi                                             [pom]
#14 9.051 [INFO] user-service                                                       [jar]
#14 9.068 [INFO] 
#14 9.068 [INFO] ----------------< com.envanter:envanter-takip-sistemi >-----------------
#14 9.068 [INFO] Building envanter-takip-sistemi 1.0.0-SNAPSHOT                     [1/2]
#14 9.069 [INFO]   from pom.xml
#14 9.069 [INFO] --------------------------------[ pom ]---------------------------------
#14 9.266 [INFO] 
#14 9.267 [INFO] --- clean:3.3.2:clean (default-clean) @ envanter-takip-sistemi ---
#14 9.556 [INFO] 
#14 9.556 [INFO] ---------------------< com.envanter:user-service >----------------------
#14 9.556 [INFO] Building user-service 1.0.0-SNAPSHOT                               [2/2]
#14 9.556 [INFO]   from user-service/pom.xml
#14 9.556 [INFO] --------------------------------[ jar ]---------------------------------
#14 22.95 [INFO] 
#14 22.95 [INFO] --- clean:3.3.2:clean (default-clean) @ user-service ---
#14 22.95 [INFO] Deleting /build/user-service/target
#14 23.01 [INFO] 
#14 23.01 [INFO] --- resources:3.3.1:resources (default-resources) @ user-service ---
#14 24.18 [INFO] Copying 1 resource from src/main/resources to target/classes
#14 24.21 [INFO] Copying 0 resource from src/main/resources to target/classes
#14 24.22 [INFO] 
#14 24.22 [INFO] --- compiler:3.11.0:compile (default-compile) @ user-service ---
#14 25.54 [INFO] Changes detected - recompiling the module! :source
#14 25.55 [INFO] Compiling 30 source files with javac [debug release 17] to target/classes
#14 26.56 [INFO] Annotation processing is enabled because one or more processors were found
#14 26.56   on the class path. A future release of javac may disable annotation processing
#14 26.56   unless at least one processor is specified by name (-processor), or a search
#14 26.56   path is specified (--processor-path, --processor-module-path), or annotation
#14 26.56   processing is enabled explicitly (-proc:only, -proc:full).
#14 26.56   Use -Xlint:-options to suppress this message.
#14 26.56   Use -proc:none to disable annotation processing.
#14 26.56 [INFO] -------------------------------------------------------------
#14 26.56 [ERROR] COMPILATION ERROR : 
#14 26.56 [INFO] -------------------------------------------------------------
#14 26.56 [ERROR] /build/user-service/src/main/java/Test.java:[1,1] unmappable character (0xFF) for encoding UTF-8
#14 26.56 [ERROR] /build/user-service/src/main/java/Test.java:[1,2] unmappable character (0xFE) for encoding UTF-8
#14 26.56 [ERROR] /build/user-service/src/main/java/Test.java:[1,1] illegal character: '\ufffd'
#14 26.56 [ERROR] /build/user-service/src/main/java/Test.java:[1,2] illegal character: '\ufffd'
#14 26.56 [ERROR] /build/user-service/src/main/java/Test.java:[1,3] class, interface, enum, or record expected
#14 26.56 [ERROR] /build/user-service/src/main/java/Test.java:[1,16] illegal character: '\u0000'
#14 26.56 [ERROR] /build/user-service/src/main/java/Test.java:[1,24] illegal character: '\u0000'
#14 26.56 [ERROR] /build/user-service/src/main/java/Test.java:[1,56] illegal character: '\u0000'
#14 26.56 [ERROR] /build/user-service/src/main/java/Test.java:[1,74] illegal character: '\u0000'
#14 26.56 [ERROR] /build/user-service/src/main/java/Test.java:[1,88] illegal character: '\u0000'
#14 26.57 [ERROR] /build/user-service/src/main/java/Test.java:[1,102] illegal character: '\u0000'
#14 26.57 [ERROR] /build/user-service/src/main/java/Test.java:[1,146] illegal character: '\u0000'
#14 26.57 [ERROR] /build/user-service/src/main/java/Test.java:[1,148] illegal character: '\u0000'
#14 26.57 [ERROR] /build/user-service/src/main/java/Test.java:[1,162] illegal character: '\u0000'
#14 26.57 [ERROR] /build/user-service/src/main/java/Test.java:[1,174] illegal character: '\u0000'
#14 26.57 [ERROR] /build/user-service/src/main/java/Test.java:[1,184] illegal character: '\u0000'
#14 26.57 [ERROR] /build/user-service/src/main/java/Test.java:[1,186] illegal character: '\u0000'
#14 26.57 [ERROR] /build/user-service/src/main/java/Test.java:[1,188] illegal character: '\u0000'
#14 26.57 [ERROR] /build/user-service/src/main/java/Test.java:[1,189] repeated modifier
#14 26.57 [ERROR] /build/user-service/src/main/java/Test.java:[1,202] illegal character: '\u0000'
#14 26.57 [ERROR] /build/user-service/src/main/java/Test.java:[1,216] illegal character: '\u0000'
#14 26.57 [ERROR] /build/user-service/src/main/java/Test.java:[1,226] illegal character: '\u0000'
#14 26.57 [ERROR] /build/user-service/src/main/java/Test.java:[1,235] class, interface, enum, or record expected
#14 26.57 [ERROR] /build/user-service/src/main/java/Test.java:[1,236] illegal character: '\u0000'
#14 26.57 [ERROR] /build/user-service/src/main/java/Test.java:[1,250] illegal character: '\u0000'
#14 26.57 [ERROR] /build/user-service/src/main/java/Test.java:[1,252] illegal character: '\u0000'
#14 26.57 [ERROR] /build/user-service/src/main/java/Test.java:[1,254] illegal character: '\u0000'
#14 26.57 [ERROR] /build/user-service/src/main/java/Test.java:[1,264] illegal character: '\u0000'
#14 26.57 [ERROR] /build/user-service/src/main/java/Test.java:[1,266] illegal character: '\u0000'
#14 26.57 [ERROR] /build/user-service/src/main/java/Test.java:[1,268] illegal character: '\u0000'
#14 26.57 [ERROR] /build/user-service/src/main/java/Test.java:[1,270] illegal character: '\u0000'
#14 26.57 [ERROR] /build/user-service/src/main/java/Test.java:[1,314] illegal character: '\u0000'
#14 26.57 [ERROR] /build/user-service/src/main/java/Test.java:[1,318] illegal character: '\u0000'
#14 26.57 [ERROR] /build/user-service/src/main/java/Test.java:[1,320] illegal character: '\u0000'
#14 26.57 [ERROR] /build/user-service/src/main/java/Test.java:[1,322] illegal character: '\u0000'
#14 26.57 [ERROR] /build/user-service/src/main/java/Test.java:[1,330] illegal character: '\u0000'
#14 26.57 [ERROR] /build/user-service/src/main/java/Test.java:[1,374] illegal character: '\u0000'
#14 26.57 [ERROR] /build/user-service/src/main/java/Test.java:[1,376] illegal character: '\u0000'
#14 26.57 [ERROR] /build/user-service/src/main/java/Test.java:[1,378] illegal character: '\u0000'
#14 26.57 [ERROR] /build/user-service/src/main/java/Test.java:[1,380] illegal character: '\u0000'
#14 26.57 [ERROR] /build/user-service/src/main/java/Test.java:[1,381] class, interface, enum, or record expected
#14 26.57 [ERROR] /build/user-service/src/main/java/Test.java:[1,394] illegal character: '\u0000'
#14 26.57 [ERROR] /build/user-service/src/main/java/Test.java:[1,402] illegal character: '\u0000'
#14 26.57 [ERROR] /build/user-service/src/main/java/Test.java:[1,418] illegal character: '\u0000'
#14 26.57 [ERROR] /build/user-service/src/main/java/Test.java:[1,422] illegal character: '\u0000'
#14 26.57 [ERROR] /build/user-service/src/main/java/Test.java:[1,438] illegal character: '\u0000'
#14 26.57 [ERROR] /build/user-service/src/main/java/Test.java:[1,460] illegal character: '\u0000'
#14 26.57 [ERROR] /build/user-service/src/main/java/Test.java:[1,462] illegal character: '\u0000'
#14 26.57 [ERROR] /build/user-service/src/main/java/Test.java:[1,464] illegal character: '\u0000'
#14 26.57 [ERROR] /build/user-service/src/main/java/Test.java:[1,588] illegal character: '\u0000'
#14 26.57 [ERROR] /build/user-service/src/main/java/Test.java:[1,590] illegal character: '\u0000'
#14 26.57 [ERROR] /build/user-service/src/main/java/Test.java:[1,592] illegal character: '\u0000'
#14 26.57 [ERROR] /build/user-service/src/main/java/Test.java:[1,594] illegal character: '\u0000'
#14 26.57 [ERROR] /build/user-service/src/main/java/Test.java:[1,596] illegal character: '\u0000'
#14 26.57 [ERROR] /build/user-service/src/main/java/Test.java:[1,597] class, interface, enum, or record expected
#14 26.57 [ERROR] /build/user-service/src/main/java/Test.java:[1,598] illegal character: '\u0000'
#14 26.57 [ERROR] /build/user-service/src/main/java/Test.java:[1,600] illegal character: '\u0000'
#14 26.57 [ERROR] /build/user-service/src/main/java/Test.java:[1,602] illegal character: '\u0000'
#14 26.57 [ERROR] /build/user-service/src/main/java/Test.java:[2,1] illegal character: '\u0000'
#14 26.57 [ERROR] /build/user-service/src/main/java/Test.java:[3,1] illegal character: '\u0000'
#14 26.57 [INFO] 60 errors 
#14 26.57 [INFO] -------------------------------------------------------------
#14 26.58 [INFO] ------------------------------------------------------------------------
#14 26.58 [INFO] Reactor Summary for envanter-takip-sistemi 1.0.0-SNAPSHOT:
#14 26.58 [INFO] 
#14 26.58 [INFO] envanter-takip-sistemi ............................. SUCCESS [  0.489 s]
#14 26.58 [INFO] user-service ....................................... FAILURE [ 17.019 s]
#14 26.58 [INFO] ------------------------------------------------------------------------
#14 26.58 [INFO] BUILD FAILURE
#14 26.59 [INFO] ------------------------------------------------------------------------
#14 26.59 [INFO] Total time:  22.151 s
#14 26.59 [INFO] Finished at: 2026-05-13T16:44:15Z
#14 26.59 [INFO] ------------------------------------------------------------------------
#14 26.59 [ERROR] Failed to execute goal org.apache.maven.plugins:maven-compiler-plugin:3.11.0:compile (default-compile
) on project user-service: Compilation failure: Compilation failure: 
#14 26.59 [ERROR] /build/user-service/src/main/java/Test.java:[1,1] unmappable character (0xFF) for encoding UTF-8
#14 26.59 [ERROR] /build/user-service/src/main/java/Test.java:[1,2] unmappable character (0xFE) for encoding UTF-8
#14 26.59 [ERROR] /build/user-service/src/main/java/Test.java:[1,1] illegal character: '\ufffd'
#14 26.59 [ERROR] /build/user-service/src/main/java/Test.java:[1,2] illegal character: '\ufffd'
#14 26.59 [ERROR] /build/user-service/src/main/java/Test.java:[1,3] class, interface, enum, or record expected
#14 26.59 [ERROR] /build/user-service/src/main/java/Test.java:[1,16] illegal character: '\u0000'
#14 26.59 [ERROR] /build/user-service/src/main/java/Test.java:[1,24] illegal character: '\u0000'
#14 26.59 [ERROR] /build/user-service/src/main/java/Test.java:[1,56] illegal character: '\u0000'
#14 26.59 [ERROR] /build/user-service/src/main/java/Test.java:[1,74] illegal character: '\u0000'
#14 26.59 [ERROR] /build/user-service/src/main/java/Test.java:[1,88] illegal character: '\u0000'
#14 26.59 [ERROR] /build/user-service/src/main/java/Test.java:[1,102] illegal character: '\u0000'
#14 26.59 [ERROR] /build/user-service/src/main/java/Test.java:[1,146] illegal character: '\u0000'
#14 26.59 [ERROR] /build/user-service/src/main/java/Test.java:[1,148] illegal character: '\u0000'
#14 26.59 [ERROR] /build/user-service/src/main/java/Test.java:[1,162] illegal character: '\u0000'
#14 26.59 [ERROR] /build/user-service/src/main/java/Test.java:[1,174] illegal character: '\u0000'
#14 26.59 [ERROR] /build/user-service/src/main/java/Test.java:[1,184] illegal character: '\u0000'
#14 26.59 [ERROR] /build/user-service/src/main/java/Test.java:[1,186] illegal character: '\u0000'
#14 26.59 [ERROR] /build/user-service/src/main/java/Test.java:[1,188] illegal character: '\u0000'
#14 26.59 [ERROR] /build/user-service/src/main/java/Test.java:[1,189] repeated modifier
#14 26.59 [ERROR] /build/user-service/src/main/java/Test.java:[1,202] illegal character: '\u0000'
#14 26.59 [ERROR] /build/user-service/src/main/java/Test.java:[1,216] illegal character: '\u0000'
#14 26.60 [ERROR] /build/user-service/src/main/java/Test.java:[1,226] illegal character: '\u0000'
#14 26.60 [ERROR] /build/user-service/src/main/java/Test.java:[1,235] class, interface, enum, or record expected
#14 26.60 [ERROR] /build/user-service/src/main/java/Test.java:[1,236] illegal character: '\u0000'
#14 26.60 [ERROR] /build/user-service/src/main/java/Test.java:[1,250] illegal character: '\u0000'
#14 26.60 [ERROR] /build/user-service/src/main/java/Test.java:[1,252] illegal character: '\u0000'
#14 26.60 [ERROR] /build/user-service/src/main/java/Test.java:[1,254] illegal character: '\u0000'
#14 26.60 [ERROR] /build/user-service/src/main/java/Test.java:[1,264] illegal character: '\u0000'
#14 26.60 [ERROR] /build/user-service/src/main/java/Test.java:[1,266] illegal character: '\u0000'
#14 26.60 [ERROR] /build/user-service/src/main/java/Test.java:[1,268] illegal character: '\u0000'
#14 26.60 [ERROR] /build/user-service/src/main/java/Test.java:[1,270] illegal character: '\u0000'
#14 26.60 [ERROR] /build/user-service/src/main/java/Test.java:[1,314] illegal character: '\u0000'
#14 26.60 [ERROR] /build/user-service/src/main/java/Test.java:[1,318] illegal character: '\u0000'
#14 26.60 [ERROR] /build/user-service/src/main/java/Test.java:[1,320] illegal character: '\u0000'
#14 26.60 [ERROR] /build/user-service/src/main/java/Test.java:[1,322] illegal character: '\u0000'
#14 26.60 [ERROR] /build/user-service/src/main/java/Test.java:[1,330] illegal character: '\u0000'
#14 26.60 [ERROR] /build/user-service/src/main/java/Test.java:[1,374] illegal character: '\u0000'
#14 26.60 [ERROR] /build/user-service/src/main/java/Test.java:[1,376] illegal character: '\u0000'
#14 26.60 [ERROR] /build/user-service/src/main/java/Test.java:[1,378] illegal character: '\u0000'
#14 26.60 [ERROR] /build/user-service/src/main/java/Test.java:[1,380] illegal character: '\u0000'
#14 26.60 [ERROR] /build/user-service/src/main/java/Test.java:[1,381] class, interface, enum, or record expected
#14 26.60 [ERROR] /build/user-service/src/main/java/Test.java:[1,394] illegal character: '\u0000'
#14 26.60 [ERROR] /build/user-service/src/main/java/Test.java:[1,402] illegal character: '\u0000'
#14 26.60 [ERROR] /build/user-service/src/main/java/Test.java:[1,418] illegal character: '\u0000'
#14 26.60 [ERROR] /build/user-service/src/main/java/Test.java:[1,422] illegal character: '\u0000'
#14 26.60 [ERROR] /build/user-service/src/main/java/Test.java:[1,438] illegal character: '\u0000'
#14 26.60 [ERROR] /build/user-service/src/main/java/Test.java:[1,460] illegal character: '\u0000'
#14 26.60 [ERROR] /build/user-service/src/main/java/Test.java:[1,462] illegal character: '\u0000'
#14 26.61 [ERROR] /build/user-service/src/main/java/Test.java:[1,464] illegal character: '\u0000'
#14 26.61 [ERROR] /build/user-service/src/main/java/Test.java:[1,588] illegal character: '\u0000'
#14 26.61 [ERROR] /build/user-service/src/main/java/Test.java:[1,590] illegal character: '\u0000'
#14 26.61 [ERROR] /build/user-service/src/main/java/Test.java:[1,592] illegal character: '\u0000'
#14 26.61 [ERROR] /build/user-service/src/main/java/Test.java:[1,594] illegal character: '\u0000'
#14 26.61 [ERROR] /build/user-service/src/main/java/Test.java:[1,596] illegal character: '\u0000'
#14 26.61 [ERROR] /build/user-service/src/main/java/Test.java:[1,597] class, interface, enum, or record expected
#14 26.61 [ERROR] /build/user-service/src/main/java/Test.java:[1,598] illegal character: '\u0000'
#14 26.61 [ERROR] /build/user-service/src/main/java/Test.java:[1,600] illegal character: '\u0000'
#14 26.61 [ERROR] /build/user-service/src/main/java/Test.java:[1,602] illegal character: '\u0000'
#14 26.61 [ERROR] /build/user-service/src/main/java/Test.java:[2,1] illegal character: '\u0000'
#14 26.61 [ERROR] /build/user-service/src/main/java/Test.java:[3,1] illegal character: '\u0000'
#14 26.61 [ERROR] -> [Help 1]
#14 26.61 [ERROR] 
#14 26.61 [ERROR] To see the full stack trace of the errors, re-run Maven with the -e switch.
#14 26.61 [ERROR] Re-run Maven using the -X switch to enable full debug logging.
#14 26.61 [ERROR] 
#14 26.61 [ERROR] For more information about the errors and possible solutions, please read the following articles:
#14 26.61 [ERROR] [Help 1] http://cwiki.apache.org/confluence/display/MAVEN/MojoFailureException
#14 26.61 [ERROR] 
#14 26.61 [ERROR] After correcting the problems, you can resume the build with the command
#14 26.61 [ERROR]   mvn <args> -rf :user-service
#14 ERROR: process "/bin/sh -c mvn clean package -pl user-service -am -DskipTests --no-transfer-progress" did not compl
ete successfully: exit code: 1
------
 > [builder 8/8] RUN mvn clean package -pl user-service -am -DskipTests --no-transfer-progress:
26.61 [ERROR] -> [Help 1]
26.61 [ERROR] 
26.61 [ERROR] To see the full stack trace of the errors, re-run Maven with the -e switch.
26.61 [ERROR] Re-run Maven using the -X switch to enable full debug logging.
26.61 [ERROR] 
26.61 [ERROR] For more information about the errors and possible solutions, please read the following articles:
26.61 [ERROR] [Help 1] http://cwiki.apache.org/confluence/display/MAVEN/MojoFailureException
26.61 [ERROR] 
26.61 [ERROR] After correcting the problems, you can resume the build with the command
26.61 [ERROR]   mvn <args> -rf :user-service
------
Dockerfile:20
--------------------
  18 |     
  19 |     # T├╝m projeyi derle (sadece user-service ve ba─ş─▒ml─▒l─▒klar─▒)
  20 | >>> RUN mvn clean package -pl user-service -am -DskipTests --no-transfer-progress
  21 |     
  22 |     # --- Stage 2: Runtime ---------------------------------------------
--------------------
ERROR: failed to build: failed to solve: process "/bin/sh -c mvn clean package -pl user-service -am -DskipTests --no-tr
ansfer-progress" did not complete successfully: exit code: 1

View build details: docker-desktop://dashboard/build/desktop-linux/desktop-linux/qzvtxkd71ie2y6k3a8n3mg8xo
